DO $$ p('INLINE') $$ LANGUAGE plruby;
NOTICE:   p('INLINE') 
